C:/Users/sav02/Documents/CE006_001_Vxxx/Core/Src/main.c:81:5:main	1
C:/Users/sav02/Documents/CE006_001_Vxxx/Core/Src/main.c:135:6:SystemClock_Config	3
C:/Users/sav02/Documents/CE006_001_Vxxx/Core/Src/main.c:176:13:MX_ADC1_Init	3
C:/Users/sav02/Documents/CE006_001_Vxxx/Core/Src/main.c:235:13:MX_LPTIM3_Init	2
C:/Users/sav02/Documents/CE006_001_Vxxx/Core/Src/main.c:272:13:MX_SPI1_Init	2
C:/Users/sav02/Documents/CE006_001_Vxxx/Core/Src/main.c:312:13:MX_USART1_UART_Init	5
C:/Users/sav02/Documents/CE006_001_Vxxx/Core/Src/main.c:360:13:MX_USART2_UART_Init	5
C:/Users/sav02/Documents/CE006_001_Vxxx/Core/Src/main.c:408:13:MX_USB_PCD_Init	2
C:/Users/sav02/Documents/CE006_001_Vxxx/Core/Src/main.c:441:13:MX_GPIO_Init	1
C:/Users/sav02/Documents/CE006_001_Vxxx/Core/Src/main.c:496:6:HAL_TIM_PeriodElapsedCallback	2
C:/Users/sav02/Documents/CE006_001_Vxxx/Core/Src/main.c:514:6:Error_Handler	1
